This is LuaHBTeX, Version 1.25.7 (MiKTeX 26.5) (format=lualatex 2026.9.9)  9 SEP 2026 18:11
 system commands enabled.
**d:/Kalkulus/ETS_Kalkulus_1_Th_2026/main
(d:/Kalkulus/ETS_Kalkulus_1_Th_2026/main.tex
LaTeX2e <2026-06-01>
L3 programming layer <2026-08-10>
Lua module: luaotfload 2024-12-03 v3.29 Lua based OpenType font support
Lua module: lualibs 2023-07-13 v2.76 ConTeXt Lua standard libraries.
Lua module: lualibs-extended 2023-07-13 v2.76 ConTeXt Lua libraries -- extended 
collection.
luaotfload | conf : Root cache directory is "C:/Users/jekiyudin/AppData/Local/Mi
KTeX/luatex-cache/generic/names".
luaotfload | init : Loading fontloader "fontloader-2023-12-28.lua" from kpse-res
olved path "C:/Program Files/MiKTeX/tex/luatex/luaotfload/fontloader-2023-12-28.
lua".
Lua-only attribute luaotfload@noligature = 1
luaotfload | init : Context OpenType loader version 3.134
Inserting `luaotfload.node_processor' in `pre_linebreak_filter'.
Inserting `luaotfload.node_processor' in `hpack_filter'.
Inserting `luaotfload.glyph_stream' in `glyph_stream_provider'.
Inserting `luaotfload.define_font' in `define_font'.
Lua-only attribute luaotfload_color_attribute = 2
luaotfload | conf : Root cache directory is "C:/Users/jekiyudin/AppData/Local/Mi
KTeX/luatex-cache/generic/names".
Inserting `luaotfload.harf.strip_prefix' in `find_opentype_file'.
Inserting `luaotfload.harf.strip_prefix' in `find_truetype_file'.
Removing  `luaotfload.glyph_stream' from `glyph_stream_provider'.
Inserting `luaotfload.harf.glyphstream' in `glyph_stream_provider'.
Inserting `luaotfload.harf.finalize_vlist' in `post_linebreak_filter'.
Inserting `luaotfload.harf.finalize_hlist' in `hpack_filter'.
Inserting `luaotfload.cleanup_files' in `wrapup_run'.
Inserting `luaotfload.harf.finalize_unicode' in `finish_pdffile'.
Inserting `luaotfload.glyphinfo' in `glyph_info'.
Lua-only attribute luaotfload.letterspace_done = 3
Inserting `luaotfload.aux.set_sscale_dimens' in `luaotfload.patch_font'.
Inserting `luaotfload.aux.set_font_index' in `luaotfload.patch_font'.
Inserting `luaotfload.aux.patch_cambria_domh' in `luaotfload.patch_font'.
Inserting `luaotfload.aux.fixup_fontdata' in `luaotfload.patch_font_unsafe'.
Inserting `luaotfload.aux.set_capheight' in `luaotfload.patch_font'.
Inserting `luaotfload.aux.set_xheight' in `luaotfload.patch_font'.
Inserting `luaotfload.rewrite_fontname' in `luaotfload.patch_font'.
Inserting `tracingstacklevels' in `input_level_string'. ("C:/Program Files/MiKT
eX/tex/latex/base/article.cls"
Document Class: article 2025/01/22 v1.4n Standard LaTeX document class
("C:/Program Files/MiKTeX/tex/latex/base/size10.clo"
File: size10.clo 2025/01/22 v1.4n Standard LaTeX file (size option)
luaotfload | db : Font names database loaded from C:/Users/jekiyudin/AppData/Loc
al/MiKTeX/luatex-cache/generic/names/luaotfload-names.luc.gz)
\c@part=\count274
\c@section=\count275
\c@subsection=\count276
\c@subsubsection=\count277
\c@paragraph=\count278
\c@subparagraph=\count279
\c@figure=\count280
\c@table=\count281
\abovecaptionskip=\skip49
\belowcaptionskip=\skip50
\bibindent=\dimen149
)
("C:/Program Files/MiKTeX/tex/latex/pgf/frontendlayer/tikz.sty"
("C:/Program Files/MiKTeX/tex/latex/pgf/basiclayer/pgf.sty"
("C:/Program Files/MiKTeX/tex/latex/pgf/utilities/pgfrcs.sty"
("C:/Program Files/MiKTeX/tex/generic/pgf/utilities/pgfutil-common.tex"
\pgfutil@everybye=\toks17
\pgfutil@tempdima=\dimen150
\pgfutil@tempdimb=\dimen151
)
("C:/Program Files/MiKTeX/tex/generic/pgf/utilities/pgfutil-latex.def"
\pgfutil@abb=\box53
)
("C:/Program Files/MiKTeX/tex/generic/pgf/utilities/pgfrcs.code.tex"
("C:/Program Files/MiKTeX/tex/generic/pgf/pgf.revision.tex")
Package: pgfrcs 2026-08-01 v3.1.12 (3.1.12)
))
Package: pgf 2026-08-01 v3.1.12 (3.1.12)

("C:/Program Files/MiKTeX/tex/latex/pgf/basiclayer/pgfcore.sty"
("C:/Program Files/MiKTeX/tex/latex/graphics/graphicx.sty"
Package: graphicx 2026-05-17 v1.2e Enhanced LaTeX Graphics (DPC,SPQR)

("C:/Program Files/MiKTeX/tex/latex/graphics/keyval.sty"
Package: keyval 2026-05-17 v1.15 key=value parser (DPC)
\KV@toks@=\toks18
)
("C:/Program Files/MiKTeX/tex/latex/graphics/graphics.sty"
Package: graphics 2026-05-17 v1.4h Standard LaTeX Graphics (DPC,SPQR)

("C:/Program Files/MiKTeX/tex/latex/graphics/trig.sty"
Package: trig 2023/12/02 v1.11 sin cos tan (DPC)
)
("C:/Program Files/MiKTeX/tex/latex/graphics-cfg/graphics.cfg"
File: graphics.cfg 2016/06/04 v1.11 sample graphics configuration
)
Package graphics Info: Driver file: luatex.def on input line 106.

("C:/Program Files/MiKTeX/tex/latex/graphics-def/luatex.def"
File: luatex.def 2025/09/29 v1.2f Graphics/color driver for luatex
))
\Gin@req@height=\dimen152
\Gin@req@width=\dimen153
)
("C:/Program Files/MiKTeX/tex/latex/pgf/systemlayer/pgfsys.sty"
("C:/Program Files/MiKTeX/tex/generic/pgf/systemlayer/pgfsys.code.tex"
Package: pgfsys 2026-08-01 v3.1.12 (3.1.12)

("C:/Program Files/MiKTeX/tex/generic/pgf/utilities/pgfkeys.code.tex"
\pgfkeys@pathtoks=\toks19
\pgfkeys@temptoks=\toks20

("C:/Program Files/MiKTeX/tex/generic/pgf/utilities/pgfkeyslibraryfiltered.code
.tex"
\pgfkeys@tmptoks=\toks21
))
\pgf@x=\dimen154
\pgf@y=\dimen155
\pgf@xa=\dimen156
\pgf@ya=\dimen157
\pgf@xb=\dimen158
\pgf@yb=\dimen159
\pgf@xc=\dimen160
\pgf@yc=\dimen161
\pgf@xd=\dimen162
\pgf@yd=\dimen163
\w@pgf@writea=\write3
\r@pgf@reada=\read2
\c@pgf@counta=\count282
\c@pgf@countb=\count283
\c@pgf@countc=\count284
\c@pgf@countd=\count285
\t@pgf@toka=\toks22
\t@pgf@tokb=\toks23
\t@pgf@tokc=\toks24
\pgf@sys@id@count=\count286
Lua function pgfsys@strcmp = 31 ("C:/Program Files/MiKTeX/tex/generic/pgf/syste
mlayer/pgf.cfg"
File: pgf.cfg 2026-08-01 v3.1.12 (3.1.12)
)
Driver file for pgf: pgfsys-luatex.def

("C:/Program Files/MiKTeX/tex/generic/pgf/systemlayer/pgfsys-luatex.def"
File: pgfsys-luatex.def 2026-08-01 v3.1.12 (3.1.12)

("C:/Program Files/MiKTeX/tex/generic/pgf/systemlayer/pgfsys-common-pdf.def"
File: pgfsys-common-pdf.def 2026-08-01 v3.1.12 (3.1.12)
))) ("C:/Program Files/MiKTeX/tex/generic/pgf/systemlayer/pgfsyssoftpath.code.t
ex"
File: pgfsyssoftpath.code.tex 2026-08-01 v3.1.12 (3.1.12)
\pgfsyssoftpath@smallbuffer@items=\count287
\pgfsyssoftpath@bigbuffer@items=\count288
) ("C:/Program Files/MiKTeX/tex/generic/pgf/systemlayer/pgfsysprotocol.code.tex
"
File: pgfsysprotocol.code.tex 2026-08-01 v3.1.12 (3.1.12)
)) ("C:/Program Files/MiKTeX/tex/latex/xcolor/xcolor.sty"
Package: xcolor 2024/09/29 v3.02 LaTeX color extensions (UK)

("C:/Program Files/MiKTeX/tex/latex/graphics-cfg/color.cfg"
File: color.cfg 2016/01/02 v1.6 sample color configuration
)
Package xcolor Info: Driver file: luatex.def on input line 274.

("C:/Program Files/MiKTeX/tex/latex/graphics/mathcolor.ltx")
Package xcolor Info: Model `cmy' substituted by `cmy0' on input line 1349.
Package xcolor Info: Model `hsb' substituted by `rgb' on input line 1353.
Package xcolor Info: Model `RGB' extended on input line 1365.
Package xcolor Info: Model `HTML' substituted by `rgb' on input line 1367.
Package xcolor Info: Model `Hsb' substituted by `hsb' on input line 1368.
Package xcolor Info: Model `tHsb' substituted by `hsb' on input line 1369.
Package xcolor Info: Model `HSB' substituted by `hsb' on input line 1370.
Package xcolor Info: Model `Gray' substituted by `gray' on input line 1371.
Package xcolor Info: Model `wave' substituted by `hsb' on input line 1372.
)
("C:/Program Files/MiKTeX/tex/generic/pgf/basiclayer/pgfcore.code.tex"
Package: pgfcore 2026-08-01 v3.1.12 (3.1.12)

("C:/Program Files/MiKTeX/tex/generic/pgf/math/pgfmath.code.tex"
("C:/Program Files/MiKTeX/tex/generic/pgf/math/pgfmathutil.code.tex")
("C:/Program Files/MiKTeX/tex/generic/pgf/math/pgfmathparser.code.tex"
\pgfmath@dimen=\dimen164
\pgfmath@count=\count289
\pgfmath@box=\box54
\pgfmath@toks=\toks25
\pgfmath@stack@operand=\toks26
\pgfmath@stack@operation=\toks27
)
("C:/Program Files/MiKTeX/tex/generic/pgf/math/pgfmathfunctions.code.tex")
("C:/Program Files/MiKTeX/tex/generic/pgf/math/pgfmathfunctions.basic.code.tex"
)
("C:/Program Files/MiKTeX/tex/generic/pgf/math/pgfmathfunctions.trigonometric.c
ode.tex")
("C:/Program Files/MiKTeX/tex/generic/pgf/math/pgfmathfunctions.random.code.tex
")
("C:/Program Files/MiKTeX/tex/generic/pgf/math/pgfmathfunctions.comparison.code
.tex")
("C:/Program Files/MiKTeX/tex/generic/pgf/math/pgfmathfunctions.base.code.tex") ("C:/Program Files/MiKTeX/tex/generic/pgf/math/pgfmathfunctions.round.code.tex") ("C:/Program Files/MiKTeX/tex/generic/pgf/math/pgfmathfunctions.misc.code.tex")
("C:/Program Files/MiKTeX/tex/generic/pgf/math/pgfmathfunctions.integerarithmet
ics.code.tex")
("C:/Program Files/MiKTeX/tex/generic/pgf/math/pgfmathcalc.code.tex")
("C:/Program Files/MiKTeX/tex/generic/pgf/math/pgfmathfloat.code.tex"
\c@pgfmathroundto@lastzeros=\count290
))
("C:/Program Files/MiKTeX/tex/generic/pgf/math/pgfint.code.tex")
("C:/Program Files/MiKTeX/tex/generic/pgf/basiclayer/pgfcorepoints.code.tex"
File: pgfcorepoints.code.tex 2026-08-01 v3.1.12 (3.1.12)
\pgf@picminx=\dimen165
\pgf@picmaxx=\dimen166
\pgf@picminy=\dimen167
\pgf@picmaxy=\dimen168
\pgf@pathminx=\dimen169
\pgf@pathmaxx=\dimen170
\pgf@pathminy=\dimen171
\pgf@pathmaxy=\dimen172
\pgf@xx=\dimen173
\pgf@xy=\dimen174
\pgf@yx=\dimen175
\pgf@yy=\dimen176
\pgf@zx=\dimen177
\pgf@zy=\dimen178
)
("C:/Program Files/MiKTeX/tex/generic/pgf/basiclayer/pgfcorepathconstruct.code.
tex"
File: pgfcorepathconstruct.code.tex 2026-08-01 v3.1.12 (3.1.12)
\pgf@path@lastx=\dimen179
\pgf@path@lasty=\dimen180
)
("C:/Program Files/MiKTeX/tex/generic/pgf/basiclayer/pgfcorepathusage.code.tex"
File: pgfcorepathusage.code.tex 2026-08-01 v3.1.12 (3.1.12)
\pgf@shorten@end@additional=\dimen181
\pgf@shorten@start@additional=\dimen182
) ("C:/Program Files/MiKTeX/tex/generic/pgf/basiclayer/pgfcorescopes.code.tex"
File: pgfcorescopes.code.tex 2026-08-01 v3.1.12 (3.1.12)
\pgfpic=\box55
\pgf@hbox=\box56
\pgf@layerbox@main=\box57
\pgf@picture@serial@count=\count291
)
("C:/Program Files/MiKTeX/tex/generic/pgf/basiclayer/pgfcoregraphicstate.code.t
ex"
File: pgfcoregraphicstate.code.tex 2026-08-01 v3.1.12 (3.1.12)
\pgflinewidth=\dimen183
)
("C:/Program Files/MiKTeX/tex/generic/pgf/basiclayer/pgfcoretransformations.cod
e.tex"
File: pgfcoretransformations.code.tex 2026-08-01 v3.1.12 (3.1.12)
\pgf@pt@x=\dimen184
\pgf@pt@y=\dimen185
\pgf@pt@temp=\dimen186
)
("C:/Program Files/MiKTeX/tex/generic/pgf/basiclayer/pgfcorequick.code.tex"
File: pgfcorequick.code.tex 2026-08-01 v3.1.12 (3.1.12)
)
("C:/Program Files/MiKTeX/tex/generic/pgf/basiclayer/pgfcoreobjects.code.tex"
File: pgfcoreobjects.code.tex 2026-08-01 v3.1.12 (3.1.12)
)
("C:/Program Files/MiKTeX/tex/generic/pgf/basiclayer/pgfcorepathprocessing.code
.tex"
File: pgfcorepathprocessing.code.tex 2026-08-01 v3.1.12 (3.1.12)
)
("C:/Program Files/MiKTeX/tex/generic/pgf/basiclayer/pgfcorearrows.code.tex"
File: pgfcorearrows.code.tex 2026-08-01 v3.1.12 (3.1.12)
\pgfarrowsep=\dimen187
)
("C:/Program Files/MiKTeX/tex/generic/pgf/basiclayer/pgfcoreshade.code.tex"
File: pgfcoreshade.code.tex 2026-08-01 v3.1.12 (3.1.12)
\pgf@max=\dimen188
\pgf@sys@shading@range@num=\count292
\pgf@shadingcount=\count293
)
("C:/Program Files/MiKTeX/tex/generic/pgf/basiclayer/pgfcoreimage.code.tex"
File: pgfcoreimage.code.tex 2026-08-01 v3.1.12 (3.1.12)
)
("C:/Program Files/MiKTeX/tex/generic/pgf/basiclayer/pgfcoreexternal.code.tex"
File: pgfcoreexternal.code.tex 2026-08-01 v3.1.12 (3.1.12)
\pgfexternal@startupbox=\box58
) ("C:/Program Files/MiKTeX/tex/generic/pgf/basiclayer/pgfcorelayers.code.tex"
File: pgfcorelayers.code.tex 2026-08-01 v3.1.12 (3.1.12)
)
("C:/Program Files/MiKTeX/tex/generic/pgf/basiclayer/pgfcoretransparency.code.t
ex"
File: pgfcoretransparency.code.tex 2026-08-01 v3.1.12 (3.1.12)
)
("C:/Program Files/MiKTeX/tex/generic/pgf/basiclayer/pgfcorepatterns.code.tex"
File: pgfcorepatterns.code.tex 2026-08-01 v3.1.12 (3.1.12)
) ("C:/Program Files/MiKTeX/tex/generic/pgf/basiclayer/pgfcorerdf.code.tex"
File: pgfcorerdf.code.tex 2026-08-01 v3.1.12 (3.1.12)
)))
("C:/Program Files/MiKTeX/tex/generic/pgf/modules/pgfmoduleshapes.code.tex"
File: pgfmoduleshapes.code.tex 2026-08-01 v3.1.12 (3.1.12)
\pgfnodeparttextbox=\box59
)
("C:/Program Files/MiKTeX/tex/generic/pgf/modules/pgfmoduleplot.code.tex"
File: pgfmoduleplot.code.tex 2026-08-01 v3.1.12 (3.1.12)
)
("C:/Program Files/MiKTeX/tex/latex/pgf/compatibility/pgfcomp-version-0-65.sty"
Package: pgfcomp-version-0-65 2026-08-01 v3.1.12 (3.1.12)
\pgf@nodesepstart=\dimen189
\pgf@nodesepend=\dimen190
) ("C:/Program Files/MiKTeX/tex/latex/pgf/compatibility/pgfcomp-version-1-18.st
y"
Package: pgfcomp-version-1-18 2026-08-01 v3.1.12 (3.1.12)
)) ("C:/Program Files/MiKTeX/tex/latex/pgf/utilities/pgffor.sty"
("C:/Program Files/MiKTeX/tex/latex/pgf/utilities/pgfkeys.sty"
("C:/Program Files/MiKTeX/tex/generic/pgf/utilities/pgfkeys.code.tex"))
("C:/Program Files/MiKTeX/tex/latex/pgf/math/pgfmath.sty"
("C:/Program Files/MiKTeX/tex/generic/pgf/math/pgfmath.code.tex"))
("C:/Program Files/MiKTeX/tex/generic/pgf/utilities/pgffor.code.tex"
Package: pgffor 2026-08-01 v3.1.12 (3.1.12)
\pgffor@iter=\dimen191
\pgffor@skip=\dimen192
\pgffor@stack=\toks28
\pgffor@toks=\toks29
))
("C:/Program Files/MiKTeX/tex/generic/pgf/frontendlayer/tikz/tikz.code.tex"
Package: tikz 2026-08-01 v3.1.12 (3.1.12)

("C:/Program Files/MiKTeX/tex/generic/pgf/libraries/pgflibraryplothandlers.code
.tex"
File: pgflibraryplothandlers.code.tex 2026-08-01 v3.1.12 (3.1.12)
\pgf@plot@mark@count=\count294
\pgfplotmarksize=\dimen193
)
\tikz@lastx=\dimen194
\tikz@lasty=\dimen195
\tikz@lastxsaved=\dimen196
\tikz@lastysaved=\dimen197
\tikz@lastmovetox=\dimen198
\tikz@lastmovetoy=\dimen199
\tikzleveldistance=\dimen256
\tikzsiblingdistance=\dimen257
\tikz@figbox=\box60
\tikz@figbox@bg=\box61
\tikz@tempbox=\box62
\tikz@tempbox@bg=\box63
\tikztreelevel=\count295
\tikznumberofchildren=\count296
\tikznumberofcurrentchild=\count297
\tikz@fig@count=\count298

("C:/Program Files/MiKTeX/tex/generic/pgf/modules/pgfmodulematrix.code.tex"
File: pgfmodulematrix.code.tex 2026-08-01 v3.1.12 (3.1.12)
\pgfmatrixcurrentrow=\count299
\pgfmatrixcurrentcolumn=\count300
\pgf@matrix@numberofcolumns=\count301
)
\tikz@expandcount=\count302

("C:/Program Files/MiKTeX/tex/generic/pgf/frontendlayer/tikz/libraries/tikzlibr
arytopaths.code.tex"
File: tikzlibrarytopaths.code.tex 2026-08-01 v3.1.12 (3.1.12)
)))
("C:/Program Files/MiKTeX/tex/latex/pgfplots/pgfplots.sty"
("C:/Program Files/MiKTeX/tex/generic/pgfplots/pgfplots.revision.tex")
Package: pgfplots 2026/08/26 v1.18.3 Data Visualization (1.18.3)

("C:/Program Files/MiKTeX/tex/generic/pgfplots/pgfplots.code.tex"
("C:/Program Files/MiKTeX/tex/generic/pgfplots/pgfplotscore.code.tex"
Package pgfplots info on input line 124: Initializing with LUA version Lua 5.3
\pgfplots@luabackend@table=\catcodetable14
\t@pgfplots@toka=\toks30
\t@pgfplots@tokb=\toks31
\t@pgfplots@tokc=\toks32
\pgfplots@tmpa=\dimen258
\c@pgfplots@coordindex=\count303
\c@pgfplots@scanlineindex=\count304

("C:/Program Files/MiKTeX/tex/generic/pgfplots/sys/pgfplotssysgeneric.code.tex"
)) ("C:/Program Files/MiKTeX/tex/generic/pgfplots/libs/pgfplotslibrary.code.tex
")
("C:/Program Files/MiKTeX/tex/generic/pgfplots/oldpgfcompatib/pgfplotsoldpgfsup
p_loader.code.tex"
("C:/Program Files/MiKTeX/tex/generic/pgf/libraries/pgflibraryfpu.code.tex")
("C:/Program Files/MiKTeX/tex/generic/pgfplots/oldpgfcompatib/pgfplotsoldpgfsup
p_pgfutil-common-lists.tex")
("C:/Program Files/MiKTeX/tex/generic/pgf/libraries/luamath/pgflibraryluamath.c
ode.tex")
Package pgfplots info on input line 292: luamath library shipped with pgf 3.1.1
2 is up-to-date
)
("C:/Program Files/MiKTeX/tex/generic/pgfplots/util/pgfplotsutil.code.tex"
Package pgfplots info on input line 82: Found new luatex: initializing lua comm
ands instead of write18 (shell-escape)

("C:/Program Files/MiKTeX/tex/generic/pgfplots/liststructure/pgfplotsliststruct
ure.code.tex")
("C:/Program Files/MiKTeX/tex/generic/pgfplots/liststructure/pgfplotsliststruct
ureext.code.tex")
("C:/Program Files/MiKTeX/tex/generic/pgfplots/liststructure/pgfplotsarray.code
.tex"
\c@pgfplotsarray@tmp=\count305
)
("C:/Program Files/MiKTeX/tex/generic/pgfplots/liststructure/pgfplotsmatrix.cod
e.tex")
("C:/Program Files/MiKTeX/tex/generic/pgfplots/numtable/pgfplotstableshared.cod
e.tex"
\c@pgfplotstable@counta=\count306
\t@pgfplotstable@a=\toks33
)
("C:/Program Files/MiKTeX/tex/generic/pgfplots/liststructure/pgfplotsdeque.code
.tex")
("C:/Program Files/MiKTeX/tex/generic/pgfplots/util/pgfplotsbinary.code.tex"
("C:/Program Files/MiKTeX/tex/generic/pgfplots/util/pgfplotsbinary.data.code.te
x"))
("C:/Program Files/MiKTeX/tex/generic/pgfplots/util/pgfplotsutil.verb.code.tex"
)
("C:/Program Files/MiKTeX/tex/generic/pgfplots/libs/pgflibrarypgfplots.surfshad
ing.code.tex"
\c@pgfplotslibrarysurf@no=\count307

("C:/Program Files/MiKTeX/tex/generic/pgfplots/sys/pgflibrarypgfplots.surfshadi
ng.pgfsys-luatex.def")))
("C:/Program Files/MiKTeX/tex/generic/pgfplots/util/pgfplotscolormap.code.tex"
("C:/Program Files/MiKTeX/tex/generic/pgfplots/util/pgfplotscolor.code.tex"))
("C:/Program Files/MiKTeX/tex/generic/pgfplots/pgfplotsstackedplots.code.tex")
("C:/Program Files/MiKTeX/tex/generic/pgfplots/pgfplotsplothandlers.code.tex"
("C:/Program Files/MiKTeX/tex/generic/pgfplots/pgfplotsmeshplothandler.code.tex
" ("C:/Program Files/MiKTeX/tex/generic/pgfplots/pgfplotsmeshplotimage.code.tex
"))) ("C:/Program Files/MiKTeX/tex/generic/pgfplots/pgfplots.scaling.code.tex") ("C:/Program Files/MiKTeX/tex/generic/pgfplots/pgfplotscoordprocessing.code.tex") ("C:/Program Files/MiKTeX/tex/generic/pgfplots/pgfplots.errorbars.code.tex") ("C:/Program Files/MiKTeX/tex/generic/pgfplots/pgfplots.markers.code.tex")
("C:/Program Files/MiKTeX/tex/generic/pgfplots/pgfplotsticks.code.tex")
("C:/Program Files/MiKTeX/tex/generic/pgfplots/pgfplots.paths.code.tex")
("C:/Program Files/MiKTeX/tex/generic/pgf/frontendlayer/tikz/libraries/tikzlibr
arydecorations.code.tex"
("C:/Program Files/MiKTeX/tex/generic/pgf/modules/pgfmoduledecorations.code.tex
"
\pgfdecoratedcompleteddistance=\dimen259
\pgfdecoratedremainingdistance=\dimen260
\pgfdecoratedinputsegmentcompleteddistance=\dimen261
\pgfdecoratedinputsegmentremainingdistance=\dimen262
\pgf@decorate@distancetomove=\dimen263
\pgf@decorate@repeatstate=\count308
\pgfdecorationsegmentamplitude=\dimen264
\pgfdecorationsegmentlength=\dimen265
)
\tikz@lib@dec@box=\box64
)
("C:/Program Files/MiKTeX/tex/generic/pgf/frontendlayer/tikz/libraries/tikzlibr
arydecorations.pathmorphing.code.tex"
("C:/Program Files/MiKTeX/tex/generic/pgf/libraries/decorations/pgflibrarydecor
ations.pathmorphing.code.tex"))
("C:/Program Files/MiKTeX/tex/generic/pgf/frontendlayer/tikz/libraries/tikzlibr
arydecorations.pathreplacing.code.tex"
("C:/Program Files/MiKTeX/tex/generic/pgf/libraries/decorations/pgflibrarydecor
ations.pathreplacing.code.tex"))
("C:/Program Files/MiKTeX/tex/generic/pgfplots/libs/tikzlibrarypgfplots.contour
lua.code.tex")
\pgfplots@numplots=\count309
\pgfplots@xmin@reg=\dimen266
\pgfplots@xmax@reg=\dimen267
\pgfplots@ymin@reg=\dimen268
\pgfplots@ymax@reg=\dimen269
\pgfplots@zmin@reg=\dimen270
\pgfplots@zmax@reg=\dimen271
)
("C:/Program Files/MiKTeX/tex/generic/pgf/frontendlayer/tikz/libraries/tikzlibr
aryplotmarks.code.tex"
File: tikzlibraryplotmarks.code.tex 2026-08-01 v3.1.12 (3.1.12)

("C:/Program Files/MiKTeX/tex/generic/pgf/libraries/pgflibraryplotmarks.code.te
x"
File: pgflibraryplotmarks.code.tex 2026-08-01 v3.1.12 (3.1.12)
))) ("C:/Program Files/MiKTeX/tex/latex/tkz-euclide/tkz-euclide.sty"
2026/01/25 5.13c tkz-euclide.sty
Package: tkz-euclide  2026/01/25 5.13c for pure Euclidean Geometry 

("C:/Program Files/MiKTeX/tex/generic/pgf/frontendlayer/tikz/libraries/tikzlibr
aryangles.code.tex"
File: tikzlibraryangles.code.tex 2026-08-01 v3.1.12 (3.1.12)
)
("C:/Program Files/MiKTeX/tex/generic/pgf/frontendlayer/tikz/libraries/tikzlibr
aryarrows.code.tex"
File: tikzlibraryarrows.code.tex 2026-08-01 v3.1.12 (3.1.12)

("C:/Program Files/MiKTeX/tex/generic/pgf/libraries/pgflibraryarrows.code.tex"
File: pgflibraryarrows.code.tex 2026-08-01 v3.1.12 (3.1.12)
\arrowsize=\dimen272
))
("C:/Program Files/MiKTeX/tex/generic/pgf/libraries/pgflibraryarrows.meta.code.
tex"
File: pgflibraryarrows.meta.code.tex 2026-08-01 v3.1.12 (3.1.12)
\pgfarrowinset=\dimen273
\pgfarrowlength=\dimen274
\pgfarrowwidth=\dimen275
\pgfarrowlinewidth=\dimen276
)
("C:/Program Files/MiKTeX/tex/generic/pgf/frontendlayer/tikz/libraries/tikzlibr
arybackgrounds.code.tex"
File: tikzlibrarybackgrounds.code.tex 2026-08-01 v3.1.12 (3.1.12)
\pgf@layerbox@background=\box65
\pgf@layerboxsaved@background=\box66
)
("C:/Program Files/MiKTeX/tex/generic/pgf/frontendlayer/tikz/libraries/tikzlibr
arycalc.code.tex"
File: tikzlibrarycalc.code.tex 2026-08-01 v3.1.12 (3.1.12)
)
("C:/Program Files/MiKTeX/tex/generic/pgf/frontendlayer/tikz/libraries/tikzlibr
arydecorations.markings.code.tex"
("C:/Program Files/MiKTeX/tex/generic/pgf/libraries/decorations/pgflibrarydecor
ations.markings.code.tex"))
("C:/Program Files/MiKTeX/tex/generic/pgf/frontendlayer/tikz/libraries/tikzlibr
arydecorations.shapes.code.tex"
("C:/Program Files/MiKTeX/tex/generic/pgf/libraries/decorations/pgflibrarydecor
ations.shapes.code.tex"))
("C:/Program Files/MiKTeX/tex/generic/pgf/frontendlayer/tikz/libraries/tikzlibr
arydecorations.text.code.tex"
("C:/Program Files/MiKTeX/tex/generic/pgf/libraries/decorations/pgflibrarydecor
ations.text.code.tex"
\pgf@lib@dec@text@box=\box67
)
\tikz@lib@dec@te@box=\box68
)
("C:/Program Files/MiKTeX/tex/generic/pgf/frontendlayer/tikz/libraries/tikzlibr
aryintersections.code.tex"
("C:/Program Files/MiKTeX/tex/generic/pgf/libraries/pgflibraryintersections.cod
e.tex"
\pgf@intersect@solutions=\count310
))
("C:/Program Files/MiKTeX/tex/generic/pgf/frontendlayer/tikz/libraries/tikzlibr
arymath.code.tex"
("C:/Program Files/MiKTeX/tex/generic/pgf/frontendlayer/tikz/libraries/tikzlibr
aryfpu.code.tex")
\tikz@math@for@depth=\count311
\tikz@math@dimen=\dimen277
\tikz@math@toks=\toks34
)
("C:/Program Files/MiKTeX/tex/generic/pgf/frontendlayer/tikz/libraries/tikzlibr
arypositioning.code.tex"
File: tikzlibrarypositioning.code.tex 2026-08-01 v3.1.12 (3.1.12)
)
("C:/Program Files/MiKTeX/tex/generic/pgf/frontendlayer/tikz/libraries/tikzlibr
aryquotes.code.tex"
File: tikzlibraryquotes.code.tex 2026-08-01 v3.1.12 (3.1.12)
)
("C:/Program Files/MiKTeX/tex/generic/pgf/frontendlayer/tikz/libraries/tikzlibr
aryshapes.misc.code.tex"
File: tikzlibraryshapes.misc.code.tex 2026-08-01 v3.1.12 (3.1.12)

("C:/Program Files/MiKTeX/tex/generic/pgf/libraries/shapes/pgflibraryshapes.mis
c.code.tex"
File: pgflibraryshapes.misc.code.tex 2026-08-01 v3.1.12 (3.1.12)
))
("C:/Program Files/MiKTeX/tex/generic/pgf/frontendlayer/tikz/libraries/tikzlibr
arythrough.code.tex"
File: tikzlibrarythrough.code.tex 2026-08-01 v3.1.12 (3.1.12)
) ("C:/Program Files/MiKTeX/tex/latex/l3packages/xfp/xfp.sty" ("C:/Program File
s/MiKTeX/tex/latex/l3kernel/expl3.sty"
Package: expl3 2026-08-10 L3 programming layer (loader) 

("C:/Program Files/MiKTeX/tex/latex/l3kernel/l3backend-luatex.def"
File: l3backend-luatex.def 2026-08-10 L3 backend support: PDF output (LuaTeX)
\l__color_backend_stack_int=\count312
Inserting `l3color' in `luaotfload.parse_color'.))
Package: xfp 2025-10-09 L3 Floating point unit
)
("C:/Program Files/MiKTeX/tex/latex/xpatch/xpatch.sty"
Package: xpatch 2020/03/25 v0.3a Extending etoolbox patching commands

("C:/Program Files/MiKTeX/tex/latex/l3packages/xparse/xparse.sty"
Package: xparse 2025-10-09 L3 Experimental document command parser
)
("C:/Program Files/MiKTeX/tex/latex/etoolbox/etoolbox.sty"
Package: etoolbox 2025/10/02 v2.5m e-TeX tools for LaTeX (JAW)
\etb@tempcnta=\count313
))
\tkzRadius=\dimen278
\tkzLength=\dimen279
\tkz@radi=\dimen280
\tkz@ax=\dimen281
\tkz@ay=\dimen282
\tkz@bx=\dimen283
\tkz@by=\dimen284
\tkz@cx=\dimen285
\tkz@cy=\dimen286
\tkz@dx=\dimen287
\tkz@dy=\dimen288
\tkz@cntmk=\count314

Local configuration file tkz-euclide.cfg found and used
("C:/Program Files/MiKTeX/tex/latex/tkz-euclide/tkz-euclide.cfg"
2026/01/25 5.13c tkz-euclide.cfg
) ("C:/Program Files/MiKTeX/tex/latex/tkz-euclide/tools/tkz-tools-eu-base.tex"
2026/01/25 5.13c tkz-tools-eu-base.tex
)
("C:/Program Files/MiKTeX/tex/latex/tkz-euclide/tools/tkz-tools-eu-utilities.te
x"
2026/01/25 5.13c tkz-tools-eu-utilities.tex
) ("C:/Program Files/MiKTeX/tex/latex/tkz-euclide/tools/tkz-tools-eu-BB.tex"
2026/01/25 5.13c tkz-obj-eu-BB.tex
) ("C:/Program Files/MiKTeX/tex/latex/tkz-euclide/obj/tkz-obj-eu-grids.tex"
2026/01/25 5.13c tkz-obj-eu-grids.tex
) ("C:/Program Files/MiKTeX/tex/latex/tkz-euclide/libs/tkz-lib-eu-marks.tex"
2026/01/25 5.13c tkz-lib-eu-marks.tex
) ("C:/Program Files/MiKTeX/tex/latex/tkz-euclide/tools/tkz-tools-eu-text.tex"
2026/01/25 5.13c tkz-tools-eu-text.tex
) ("C:/Program Files/MiKTeX/tex/latex/tkz-euclide/libs/tkz-lib-eu-shape.tex"
2026/01/25 5.13c tkz-lib-eu-shape.tex
) ("C:/Program Files/MiKTeX/tex/latex/tkz-euclide/obj/tkz-obj-eu-axesmin.tex"
2026/01/25 5.13c tkz-obj-eu-axesmin
) ("C:/Program Files/MiKTeX/tex/latex/tkz-euclide/tools/tkz-tools-eu-colors.tex
"
2026/01/25 5.13c tkz-tools-eu-colors
) ("C:/Program Files/MiKTeX/tex/latex/tkz-euclide/obj/tkz-obj-eu-points.tex"
2026/01/25 5.13c tkz-obj-eu-points.tex
)
("C:/Program Files/MiKTeX/tex/latex/tkz-euclide/drawings/tkz-draw-eu-points.tex
"
2026/01/25 5.13c tkz-draw-eu-points.tex
) ("C:/Program Files/MiKTeX/tex/latex/tkz-euclide/obj/tkz-obj-eu-points.tex"
2026/01/25 5.13c tkz-obj-eu-points.tex
) ("C:/Program Files/MiKTeX/tex/latex/tkz-euclide/obj/tkz-obj-eu-points-by.tex"
2026/01/25 5.13c tkz-tools-eu-points-by.tex
) ("C:/Program Files/MiKTeX/tex/latex/tkz-euclide/tools/tkz-tools-eu-math.tex"
2026/01/25 5.13c tkz-tools-eu-math.tex
)
("C:/Program Files/MiKTeX/tex/latex/tkz-euclide/tools/tkz-tools-eu-intersection
s.tex"
2026/01/25 5.13c tkz-tools-eu-intersections.tex
) ("C:/Program Files/MiKTeX/tex/latex/tkz-euclide/obj/tkz-obj-eu-points-with.te
x"
2026/01/25 5.13c tkz-obj-eu-points-with.tex
) ("C:/Program Files/MiKTeX/tex/latex/tkz-euclide/obj/tkz-obj-eu-points-spc.tex
"
2026/01/25 5.13c tkz-obj-el-points.tex
) ("C:/Program Files/MiKTeX/tex/latex/tkz-euclide/tools/tkz-tools-eu-angles.tex
"
2026/01/25 5.13c tkz-tools-eu-angles.tex
) ("C:/Program Files/MiKTeX/tex/latex/tkz-euclide/obj/tkz-obj-eu-circles.tex"
2026/01/25 5.13c tkz-obj-eu-circles.tex
) ("C:/Program Files/MiKTeX/tex/latex/tkz-euclide/obj/tkz-obj-eu-circles-by.tex
"
2026/01/25 5.13c tkz-obj-eu-circles.tex
) ("C:/Program Files/MiKTeX/tex/latex/tkz-euclide/obj/tkz-obj-eu-points-rnd.tex
"
2026/01/25 5.13c tkz-obj-eu-points-rnd.tex
) ("C:/Program Files/MiKTeX/tex/latex/tkz-euclide/obj/tkz-obj-eu-lines.tex"
2026/01/25 5.13c tkz-obj-eu-lines.tex
) ("C:/Program Files/MiKTeX/tex/latex/tkz-euclide/obj/tkz-obj-eu-polygons.tex"
2026/01/25 5.13c tkz-obj-eu-polygons.tex
) ("C:/Program Files/MiKTeX/tex/latex/tkz-euclide/obj/tkz-obj-eu-triangles.tex"
2026/01/25 5.13c tkz-obj-eu-triangles.tex
) ("C:/Program Files/MiKTeX/tex/latex/tkz-euclide/drawings/tkz-draw-eu-lines.te
x"
2026/01/25 5.13c tkz-obj-eu-draw-lines.tex
)
("C:/Program Files/MiKTeX/tex/latex/tkz-euclide/drawings/tkz-draw-eu-circles.te
x"
2026/01/25 5.13c tkz-obj-eu-draw-circles.tex
)
("C:/Program Files/MiKTeX/tex/latex/tkz-euclide/drawings/tkz-draw-eu-ellipses.t
ex"
2026/01/25 5.13c tkz-obj-eu-draw-ellipses.tex
)
("C:/Program Files/MiKTeX/tex/latex/tkz-euclide/drawings/tkz-draw-eu-polygons.t
ex"
2026/01/25 5.13c tkz-obj-eu-polygons.tex
) ("C:/Program Files/MiKTeX/tex/latex/tkz-euclide/drawings/tkz-draw-eu-arcs.tex
"
2026/01/25 5.13c tkz-tool-eu-arcs.tex
)
("C:/Program Files/MiKTeX/tex/latex/tkz-euclide/drawings/tkz-draw-eu-angles.tex
"
2026/01/25 5.13c tkz-tool-eu-angles.tex
)
("C:/Program Files/MiKTeX/tex/latex/tkz-euclide/drawings/tkz-draw-eu-sectors.te
x"
2026/01/25 5.13c tkz-obj-eu-sectors.tex
)
("C:/Program Files/MiKTeX/tex/latex/tkz-euclide/drawings/tkz-draw-eu-compass.te
x"
2026/01/25 5.13c tkz-obj-eu-compass.tex
) ("C:/Program Files/MiKTeX/tex/latex/tkz-euclide/drawings/tkz-draw-eu-show.tex
"
2026/01/25 5.13c tkz-obj-eu-show.tex
)
("C:/Program Files/MiKTeX/tex/latex/tkz-euclide/drawings/tkz-draw-eu-protractor
.tex"
2026/01/25 5.13c tkz-obj-eu-protractor.tex
)) ("C:/Program Files/MiKTeX/tex/latex/tools/calc.sty"
Package: calc 2025/03/01 v4.3b Infix arithmetic (KKT,FJ)
\calc@Acount=\count315
\calc@Bcount=\count316
\calc@Adimen=\dimen289
\calc@Bdimen=\dimen290
\calc@Askip=\skip51
\calc@Bskip=\skip52
LaTeX Info: Redefining \setlength on input line 86.
LaTeX Info: Redefining \addtolength on input line 87.
\calc@Ccount=\count317
\calc@Cskip=\skip53
)
("C:/Program Files/MiKTeX/tex/generic/pgf/frontendlayer/tikz/libraries/tikzlibr
arypatterns.code.tex"
File: tikzlibrarypatterns.code.tex 2026-08-01 v3.1.12 (3.1.12)

("C:/Program Files/MiKTeX/tex/generic/pgf/libraries/pgflibrarypatterns.code.tex
"
File: pgflibrarypatterns.code.tex 2026-08-01 v3.1.12 (3.1.12)
))
("C:/Program Files/MiKTeX/tex/generic/pgf/frontendlayer/tikz/libraries/tikzlibr
aryshapes.arrows.code.tex"
File: tikzlibraryshapes.arrows.code.tex 2026-08-01 v3.1.12 (3.1.12)

("C:/Program Files/MiKTeX/tex/generic/pgf/libraries/shapes/pgflibraryshapes.arr
ows.code.tex"
File: pgflibraryshapes.arrows.code.tex 2026-08-01 v3.1.12 (3.1.12)
)) ("C:/Program Files/MiKTeX/tex/latex/fancyhdr/fancyhdr.sty"
Package: fancyhdr 2025/02/07 v5.2 Extensive control of page headers and footers

\f@nch@headwidth=\skip54
\f@nch@offset@elh=\skip55
\f@nch@offset@erh=\skip56
\f@nch@offset@olh=\skip57
\f@nch@offset@orh=\skip58
\f@nch@offset@elf=\skip59
\f@nch@offset@erf=\skip60
\f@nch@offset@olf=\skip61
\f@nch@offset@orf=\skip62
\f@nch@height=\skip63
\f@nch@footalignment=\skip64
\f@nch@widthL=\skip65
\f@nch@widthC=\skip66
\f@nch@widthR=\skip67
\@temptokenb=\toks35
)
("C:/Program Files/MiKTeX/tex/latex/tools/enumerate.sty"
Package: enumerate 2023/07/04 v3.00 enumerate extensions (DPC)
\@enLab=\toks36
)
("C:/Program Files/MiKTeX/tex/latex/enumitem/enumitem.sty"
Package: enumitem 2025/02/06 v3.11 Customized lists
\labelindent=\skip68
\enit@outerparindent=\dimen291
\enit@toks=\toks37
\enit@inbox=\box69
\enit@count@id=\count318
\enitdp@description=\count319
)
("C:/Program Files/MiKTeX/tex/latex/cancel/cancel.sty"
Package: cancel 2013/04/12 v2.2 Cancel math terms
)
("C:/Program Files/MiKTeX/tex/latex/varwidth/varwidth.sty"
Package: varwidth 2009/03/30 ver 0.92;  Variable-width minipages
\@vwid@box=\box70
\sift@deathcycles=\count320
\@vwid@loff=\dimen292
\@vwid@roff=\dimen293
)
==> First Aid for varwidth.sty applied!
("C:/Program Files/MiKTeX/tex/latex/geometry/geometry.sty"
Package: geometry 2026/03/07 v6.0 Page Geometry

("C:/Program Files/MiKTeX/tex/generic/iftex/ifvtex.sty"
Package: ifvtex 2019/10/25 v1.7 ifvtex legacy package. Use iftex instead.

("C:/Program Files/MiKTeX/tex/generic/iftex/iftex.sty"
Package: iftex 2024/12/12 v1.0g TeX engine tests
))
\Gm@cnth=\count321
\Gm@cntv=\count322
\c@Gm@tempcnt=\count323
\Gm@bindingoffset=\dimen294
\Gm@wd@mp=\dimen295
\Gm@odd@mp=\dimen296
\Gm@even@mp=\dimen297
\Gm@layoutwidth=\dimen298
\Gm@layoutheight=\dimen299
\Gm@layouthoffset=\dimen300
\Gm@layoutvoffset=\dimen301
\Gm@dimlist=\toks38

("C:/Program Files/MiKTeX/tex/latex/geometry/geometry.cfg"))
("C:/Program Files/MiKTeX/tex/latex/caption/subcaption.sty"
Package: subcaption 2023/07/28 v1.6b Sub-captions (AR)

("C:/Program Files/MiKTeX/tex/latex/caption/caption.sty"
Package: caption 2023/08/05 v3.6o Customizing captions (AR)

("C:/Program Files/MiKTeX/tex/latex/caption/caption3.sty"
Package: caption3 2023/07/31 v2.4d caption3 kernel (AR)
\caption@tempdima=\dimen302
\captionmargin=\dimen303
\caption@leftmargin=\dimen304
\caption@rightmargin=\dimen305
\caption@width=\dimen306
\caption@indent=\dimen307
\caption@parindent=\dimen308
\caption@hangindent=\dimen309
Package caption Info: Standard document class detected.
)
\c@caption@flags=\count324
\c@continuedfloat=\count325
)
Package caption Info: New subtype `subfigure' on input line 238.
\c@subfigure=\count326
Package caption Info: New subtype `subtable' on input line 238.
\c@subtable=\count327
)
("C:/Program Files/MiKTeX/tex/generic/soul/soul.sty"
Package: soul 2026-03-06 v3.2 Permit use of UTF-8 characters in soul (HO)

("C:/Program Files/MiKTeX/tex/generic/soul/soul-ori.sty"
Package: soul-ori 2026-03-06 v3.2 letterspacing/underlining (mf)
\SOUL@word=\toks39
\SOUL@lasttoken=\toks40
\SOUL@syllable=\toks41
\SOUL@cmds=\toks42
\SOUL@buffer=\toks43
\SOUL@token=\toks44
\SOUL@syllgoal=\dimen310
\SOUL@syllwidth=\dimen311
\SOUL@charkern=\dimen312
\SOUL@hyphkern=\dimen313
\SOUL@dimen=\dimen314
\SOUL@dimeni=\dimen315
\SOUL@minus=\count328
\SOUL@comma=\count329
\SOUL@apo=\count330
\SOUL@grave=\count331
\SOUL@spaceskip=\skip69
\SOUL@ttwidth=\dimen316
\SOUL@uldp=\dimen317
\SOUL@ulht=\dimen318
)
("C:/Program Files/MiKTeX/tex/generic/infwarerr/infwarerr.sty"
Package: infwarerr 2019/12/03 v1.5 Providing info/warning/error messages (HO)
)
("C:/Program Files/MiKTeX/tex/generic/etexcmds/etexcmds.sty"
Package: etexcmds 2019/12/15 v1.7 Avoid name clashes with e-TeX commands (HO)
))
("C:/Program Files/MiKTeX/tex/latex/hyperref/hyperref.sty"
Package: hyperref 2026-06-17 v7.01r Hypertext links for LaTeX

("C:/Program Files/MiKTeX/tex/latex/kvsetkeys/kvsetkeys.sty"
Package: kvsetkeys 2022-10-05 v1.19 Key value parser (HO)
)
("C:/Program Files/MiKTeX/tex/generic/kvdefinekeys/kvdefinekeys.sty"
Package: kvdefinekeys 2019-12-19 v1.6 Define keys (HO)
)
("C:/Program Files/MiKTeX/tex/generic/pdfescape/pdfescape.sty"
Package: pdfescape 2019/12/09 v1.15 Implements pdfTeX's escape features (HO)

("C:/Program Files/MiKTeX/tex/generic/ltxcmds/ltxcmds.sty"
Package: ltxcmds 2023-12-04 v1.26 LaTeX kernel commands for general use (HO)
)
("C:/Program Files/MiKTeX/tex/generic/pdftexcmds/pdftexcmds.sty"
Package: pdftexcmds 2020-06-27 v0.33 Utility functions of pdfTeX for LuaTeX (HO
)
Package pdftexcmds Info: \pdf@primitive is available.
Package pdftexcmds Info: \pdf@ifprimitive is available.
Package pdftexcmds Info: \pdfdraftmode found.
\pdftexcmds@toks=\toks45
))
("C:/Program Files/MiKTeX/tex/latex/hycolor/hycolor.sty"
Package: hycolor 2020-01-27 v1.10 Color options for hyperref/bookmark (HO)
)
("C:/Program Files/MiKTeX/tex/latex/hyperref/nameref.sty"
Package: nameref 2026-01-29 v2.58 Cross-referencing by name of section

("C:/Program Files/MiKTeX/tex/latex/refcount/refcount.sty"
Package: refcount 2019/12/15 v3.6 Data extraction from label references (HO)
)
("C:/Program Files/MiKTeX/tex/generic/gettitlestring/gettitlestring.sty"
Package: gettitlestring 2019/12/15 v1.6 Cleanup title references (HO)

("C:/Program Files/MiKTeX/tex/latex/kvoptions/kvoptions.sty"
Package: kvoptions 2022-06-15 v3.15 Key value format for package options (HO)
))
\c@section@level=\count332
)
("C:/Program Files/MiKTeX/tex/generic/stringenc/stringenc.sty"
Package: stringenc 2019/11/29 v1.12 Convert strings between diff. encodings (HO
)
)
\@linkdim=\dimen319
\Hy@linkcounter=\count333
\Hy@pagecounter=\count334

("C:/Program Files/MiKTeX/tex/latex/hyperref/pd1enc.def"
File: pd1enc.def 2026-06-17 v7.01r Hyperref: PDFDocEncoding definition (HO)
)
("C:/Program Files/MiKTeX/tex/generic/intcalc/intcalc.sty"
Package: intcalc 2019/12/15 v1.3 Expandable calculations with integers (HO)
)
\Hy@SavedSpaceFactor=\count335

("C:/Program Files/MiKTeX/tex/latex/hyperref/puenc.def"
File: puenc.def 2026-06-17 v7.01r Hyperref: PDF Unicode definition (HO)
)
Package hyperref Info: Hyper figures OFF on input line 4199.
Package hyperref Info: Link nesting OFF on input line 4204.
Package hyperref Info: Hyper index ON on input line 4207.
Package hyperref Info: Plain pages OFF on input line 4214.
Package hyperref Info: Backreferencing OFF on input line 4219.
Package hyperref Info: Implicit mode ON; LaTeX internals redefined.
Package hyperref Info: Bookmarks ON on input line 4466.
\c@Hy@tempcnt=\count336

("C:/Program Files/MiKTeX/tex/latex/url/url.sty"
\Urlmuskip=\muskip17
Package: url 2013/09/16  ver 3.4  Verb mode for urls, etc.
)
LaTeX Info: Redefining \url on input line 4805.
\XeTeXLinkMargin=\dimen320

("C:/Program Files/MiKTeX/tex/generic/bitset/bitset.sty"
Package: bitset 2019/12/09 v1.3 Handle bit-vector datatype (HO)

("C:/Program Files/MiKTeX/tex/generic/bigintcalc/bigintcalc.sty"
Package: bigintcalc 2019/12/15 v1.5 Expandable calculations on big integers (HO
)
))
\Fld@menulength=\count337
\Field@Width=\dimen321
\Fld@charsize=\dimen322
Package hyperref Info: Hyper figures OFF on input line 6091.
Package hyperref Info: Link nesting OFF on input line 6096.
Package hyperref Info: Hyper index ON on input line 6099.
Package hyperref Info: backreferencing OFF on input line 6106.
Package hyperref Info: Link coloring OFF on input line 6111.
Package hyperref Info: Link coloring with OCG OFF on input line 6116.
Package hyperref Info: PDF/A mode OFF on input line 6121.
\Hy@abspage=\count338
\c@Item=\count339
\c@Hfootnote=\count340
)
Package hyperref Info: Driver (autodetected): hluatex.

("C:/Program Files/MiKTeX/tex/latex/hyperref/hluatex.def"
File: hluatex.def 2026-06-17 v7.01r Hyperref driver for luaTeX
\Fld@listcount=\count341
\c@bookmark@seq@number=\count342

("C:/Program Files/MiKTeX/tex/latex/rerunfilecheck/rerunfilecheck.sty"
Package: rerunfilecheck 2025-06-21 v1.11 Rerun checks for auxiliary files (HO)

("C:/Program Files/MiKTeX/tex/generic/uniquecounter/uniquecounter.sty"
Package: uniquecounter 2019/12/15 v1.4 Provide unlimited unique counter (HO)
)
Package uniquecounter Info: New unique counter `rerunfilecheck' on input line 2
84.
)
\Hy@SectionHShift=\skip70
)
("C:/Program Files/MiKTeX/tex/latex/float/float.sty"
Package: float 2001/11/08 v1.3d Float enhancements (AL)
\c@float@type=\count343
\float@exts=\toks46
\float@box=\box71
\@float@everytoks=\toks47
\@floatcapt=\box72
)
("C:/Program Files/MiKTeX/tex/latex/setspace/setspace.sty"
Package: setspace 2022/12/04 v6.7b set line spacing
)
("C:/Program Files/MiKTeX/tex/latex/tools/afterpage.sty"
Package: afterpage 2023/07/04 v1.08 After-Page Package (DPC)
\AP@output=\toks48
\AP@partial=\box73
\AP@footins=\box74
)
("C:/Program Files/MiKTeX/tex/latex/apacite/apacite.sty"
Package: apacite 2013/07/21 v6.03 APA citation
\c@BibCnt=\count344
\bibleftmargin=\skip71
\bibindent=\skip72
\bibparsep=\skip73
\bibitemsep=\skip74
\biblabelsep=\skip75
)
("C:/Program Files/MiKTeX/tex/latex/lm/lmodern.sty"
Package: lmodern 2015/05/01 v1.6.1 Latin Modern Fonts
LaTeX Font Info:    Overwriting symbol font `operators' in version `normal'
(Font)                  OT1/cmr/m/n --> OT1/lmr/m/n on input line 22.
LaTeX Font Info:    Overwriting symbol font `letters' in version `normal'
(Font)                  OML/cmm/m/it --> OML/lmm/m/it on input line 23.
LaTeX Font Info:    Overwriting symbol font `symbols' in version `normal'
(Font)                  OMS/cmsy/m/n --> OMS/lmsy/m/n on input line 24.
LaTeX Font Info:    Overwriting symbol font `largesymbols' in version `normal'
(Font)                  OMX/cmex/m/n --> OMX/lmex/m/n on input line 25.
LaTeX Font Info:    Overwriting symbol font `operators' in version `bold'
(Font)                  OT1/cmr/bx/n --> OT1/lmr/bx/n on input line 26.
LaTeX Font Info:    Overwriting symbol font `letters' in version `bold'
(Font)                  OML/cmm/b/it --> OML/lmm/b/it on input line 27.
LaTeX Font Info:    Overwriting symbol font `symbols' in version `bold'
(Font)                  OMS/cmsy/b/n --> OMS/lmsy/b/n on input line 28.
LaTeX Font Info:    Overwriting symbol font `largesymbols' in version `bold'
(Font)                  OMX/cmex/m/n --> OMX/lmex/m/n on input line 29.
LaTeX Font Info:    Overwriting math alphabet `\mathbf' in version `normal'
(Font)                  OT1/cmr/bx/n --> OT1/lmr/bx/n on input line 31.
LaTeX Font Info:    Overwriting math alphabet `\mathsf' in version `normal'
(Font)                  OT1/cmss/m/n --> OT1/lmss/m/n on input line 32.
LaTeX Font Info:    Overwriting math alphabet `\mathit' in version `normal'
(Font)                  OT1/cmr/m/it --> OT1/lmr/m/it on input line 33.
LaTeX Font Info:    Overwriting math alphabet `\mathtt' in version `normal'
(Font)                  OT1/cmtt/m/n --> OT1/lmtt/m/n on input line 34.
LaTeX Font Info:    Overwriting math alphabet `\mathbf' in version `bold'
(Font)                  OT1/cmr/bx/n --> OT1/lmr/bx/n on input line 35.
LaTeX Font Info:    Overwriting math alphabet `\mathsf' in version `bold'
(Font)                  OT1/cmss/bx/n --> OT1/lmss/bx/n on input line 36.
LaTeX Font Info:    Overwriting math alphabet `\mathit' in version `bold'
(Font)                  OT1/cmr/bx/it --> OT1/lmr/bx/it on input line 37.
LaTeX Font Info:    Overwriting math alphabet `\mathtt' in version `bold'
(Font)                  OT1/cmtt/m/n --> OT1/lmtt/m/n on input line 38.
)
("C:/Program Files/MiKTeX/tex/latex/mathtools/mathtools.sty"
Package: mathtools 2024/10/04 v1.31 mathematical typesetting tools

("C:/Program Files/MiKTeX/tex/latex/mathtools/mhsetup.sty"
Package: mhsetup 2021/03/18 v1.4 programming setup (MH)
)
("C:/Program Files/MiKTeX/tex/latex/amsmath/amsmath.sty"
Package: amsmath 2026/05/19 v2.18d AMS math features
\@mathmargin=\skip76

For additional information on amsmath, use the `?' option.
("C:/Program Files/MiKTeX/tex/latex/amsmath/amstext.sty"
Package: amstext 2024/11/17 v2.01 AMS text

("C:/Program Files/MiKTeX/tex/latex/amsmath/amsgen.sty"
File: amsgen.sty 1999/11/30 v2.0 generic functions
\@emptytoks=\toks49
\ex@=\dimen323
))
("C:/Program Files/MiKTeX/tex/latex/amsmath/amsbsy.sty"
Package: amsbsy 1999/11/29 v1.2d Bold Symbols
\pmbraise@=\dimen324
)
("C:/Program Files/MiKTeX/tex/latex/amsmath/amsopn.sty"
Package: amsopn 2022/04/08 v2.04 operator names
)
\inf@bad=\count345
LaTeX Info: Redefining \frac on input line 235.
\uproot@=\count346
\leftroot@=\count347
LaTeX Info: Redefining \overline on input line 398.
LaTeX Info: Redefining \colon on input line 409.
\classnum@=\count348
\DOTSCASE@=\count349
LaTeX Info: Redefining \ldots on input line 495.
LaTeX Info: Redefining \dots on input line 498.
LaTeX Info: Redefining \cdots on input line 619.
\Mathstrutbox@=\box75
\strutbox@=\box76
LaTeX Info: Redefining \big on input line 721.
LaTeX Info: Redefining \Big on input line 722.
LaTeX Info: Redefining \bigg on input line 723.
LaTeX Info: Redefining \Bigg on input line 724.
\big@size=\dimen325
LaTeX Font Info:    Redeclaring font encoding OML on input line 742.
LaTeX Font Info:    Redeclaring font encoding OMS on input line 743.
\macc@depth=\count350
LaTeX Info: Redefining \bmod on input line 904.
LaTeX Info: Redefining \pmod on input line 909.
LaTeX Info: Redefining \smash on input line 939.
LaTeX Info: Redefining \relbar on input line 969.
LaTeX Info: Redefining \Relbar on input line 970.
\c@MaxMatrixCols=\count351
\dotsspace@=\muskip18
\c@parentequation=\count352
\dspbrk@lvl=\count353
\tag@help=\toks50
\row@=\count354
\column@=\count355
\maxfields@=\count356
\andhelp@=\toks51
\eqnshift@=\dimen326
\alignsep@=\dimen327
\tagshift@=\dimen328
\tagwidth@=\dimen329
\totwidth@=\dimen330
\lineht@=\dimen331
\@envbody=\toks52
\multlinegap=\skip77
\multlinetaggap=\skip78
\mathdisplay@stack=\toks53
LaTeX Info: Redefining \[ on input line 2965.
LaTeX Info: Redefining \] on input line 2966.
)
\g_MT_multlinerow_int=\count357
\l_MT_multwidth_dim=\dimen332
\origjot=\skip79
\l_MT_shortvdotswithinadjustabove_dim=\dimen333
\l_MT_shortvdotswithinadjustbelow_dim=\dimen334
\l_MT_above_intertext_sep=\dimen335
\l_MT_below_intertext_sep=\dimen336
\l_MT_above_shortintertext_sep=\dimen337
\l_MT_below_shortintertext_sep=\dimen338
\xmathstrut@box=\box77
\xmathstrut@dim=\dimen339
)
("C:/Program Files/MiKTeX/tex/latex/was/upgreek.sty"
Package: upgreek 2003/02/12 v2.0 (WaS)
Package upgreek Info: Using Euler Roman for upright Greek on input line 31.
\symugrf@m=\mathgroup4
LaTeX Font Info:    Overwriting symbol font `ugrf@m' in version `bold'
(Font)                  U/eur/m/n --> U/eur/b/n on input line 38.
)
("C:/Program Files/MiKTeX/tex/latex/siunitx/siunitx.sty"
Package: siunitx 2026-08-23 v3.5.6 A comprehensive (SI) units package
\l__siunitx_number_uncert_offset_int=\count358
\l__siunitx_number_exponent_fixed_int=\count359
\l__siunitx_number_min_decimal_int=\count360
\l__siunitx_number_min_integer_int=\count361
\l__siunitx_number_round_precision_int=\count362
\l__siunitx_number_lower_threshold_int=\count363
\l__siunitx_number_upper_threshold_int=\count364
\l__siunitx_number_group_first_int=\count365
\l__siunitx_number_group_size_int=\count366
\l__siunitx_number_group_min_int=\count367
\l__siunitx_number_group_minimum_int=\count368
\l__siunitx_compound_count_int=\count369

("C:/Program Files/MiKTeX/tex/latex/translations/translations.sty"
Package: translations 2022/02/05 v1.12 internationalization of LaTeX2e packages
 (CN)
)
\l__siunitx_table_tmp_box=\box78
\l__siunitx_table_tmp_dim=\dimen340
\l__siunitx_table_column_width_dim=\dimen341
\l__siunitx_table_integer_box=\box79
\l__siunitx_table_decimal_box=\box80
\l__siunitx_table_uncert_box=\box81
\l__siunitx_table_before_box=\box82
\l__siunitx_table_after_box=\box83
\l__siunitx_table_before_dim=\dimen342
\l__siunitx_table_carry_dim=\dimen343
\l__siunitx_unit_tmp_int=\count370
\l__siunitx_unit_position_int=\count371
\l__siunitx_unit_total_int=\count372
\l__siunitx_sexagesimal_tmp_dim=\dimen344
\l__siunitx_sexagesimal_marker_box=\box84
\l__siunitx_sexagesimal_unit_box=\box85

("C:/Program Files/MiKTeX/tex/latex/tools/array.sty"
Package: array 2026/02/24 v2.7b Tabular extension package (FMi)
\col@sep=\dimen345
\ar@mcellbox=\box86
\extrarowheight=\dimen346
\NC@list=\toks54
\extratabsurround=\skip80
\backup@length=\skip81
\ar@cellbox=\box87
))
("C:/Program Files/MiKTeX/tex/latex/fontawesome6/fontawesome6.sty"
Package: fontawesome6 2026/08/10 v6.7.2-4 Font Awesome 6

("C:/Program Files/MiKTeX/tex/latex/l3packages/l3keys2e/l3keys2e.sty"
Package: l3keys2e 2025-10-09 LaTeX2e option processing using LaTeX3 keys
)
("C:/Program Files/MiKTeX/tex/latex/fontawesome6/fontawesome6-utex-helper.sty"
Package: fontawesome6-utex-helper 2026/08/10 v6.7.2-4 uTeX helper for fontaweso
me6

("C:/Program Files/MiKTeX/tex/luatex/luatexbase/luatexbase.sty"
Package: luatexbase 2015/10/04 v1.3 luatexbase interface to LuaTeX 

("C:/Program Files/MiKTeX/tex/luatex/ctablestack/ctablestack.sty"
Package: ctablestack 2015/10/01 v1.0 Catcode table stable support
\@catcodetablestackcnt=\count373
)
\CatcodeTableOther=\catcodetable15
\CatcodeTableExpl=\catcodetable16
)
LaTeX Font Info:    Trying to load font information for TU+fontawesome6free on 
input line 63.

("C:/Program Files/MiKTeX/tex/latex/fontawesome6/tufontawesome6free.fd")
LaTeX Font Info:    Trying to load font information for TU+fontawesome6brands o
n input line 64.

("C:/Program Files/MiKTeX/tex/latex/fontawesome6/tufontawesome6brands.fd")))
("C:/Program Files/MiKTeX/tex/latex/physics/physics.sty"
Package: physics 
)
("C:/Program Files/MiKTeX/tex/latex/tools/multicol.sty"
Package: multicol 2025/10/21 v2.0b multicolumn formatting (FMi)
\c@tracingmulticols=\count374
\mult@box=\box88
\multicol@leftmargin=\dimen347
\c@unbalance=\count375
\c@collectmore=\count376
\doublecol@number=\count377
\multicoltolerance=\count378
\multicolpretolerance=\count379
\full@width=\dimen348
\page@free=\dimen349
\premulticols=\dimen350
\postmulticols=\dimen351
\multicolsep=\skip82
\multicolbaselineskip=\skip83
\partial@page=\box89
\last@line=\box90
\mc@boxedresult=\box91
\maxbalancingoverflow=\dimen352
\mult@rightbox=\box92
\mult@grightbox=\box93
\mult@firstbox=\box94
\mult@gfirstbox=\box95
\@tempa=\box96
\@tempa=\box97
\@tempa=\box98
\@tempa=\box99
\@tempa=\box100
\@tempa=\box101
\@tempa=\box102
\@tempa=\box103
\@tempa=\box104
\@tempa=\box105
\@tempa=\box106
\@tempa=\box107
\@tempa=\box108
\@tempa=\box109
\@tempa=\box110
\@tempa=\box111
\@tempa=\box112
\@tempa=\box113
\@tempa=\box114
\@tempa=\box115
\@tempa=\box116
\@tempa=\box117
\@tempa=\box118
\@tempa=\box119
\@tempa=\box120
\@tempa=\box121
\@tempa=\box122
\@tempa=\box123
\@tempa=\box124
\@tempa=\box125
\@tempa=\box126
\@tempa=\box127
\@tempa=\box128
\@tempa=\box129
\@tempa=\box130
\@tempa=\box131
\c@minrows=\count380
\c@columnbadness=\count381
\c@finalcolumnbadness=\count382
\last@try=\dimen353
\multicolovershoot=\dimen354
\multicolundershoot=\dimen355
\mult@nat@firstbox=\box132
\colbreak@box=\box133
\mc@col@check@num=\count383
\g__mc_curr_col_int=\count384
)
("C:/Program Files/MiKTeX/tex/latex/ragged2e/ragged2e.sty"
Package: ragged2e 2023/06/22 v3.6 ragged2e Package
\CenteringLeftskip=\skip84
\RaggedLeftLeftskip=\skip85
\RaggedRightLeftskip=\skip86
\CenteringRightskip=\skip87
\RaggedLeftRightskip=\skip88
\RaggedRightRightskip=\skip89
\CenteringParfillskip=\skip90
\RaggedLeftParfillskip=\skip91
\RaggedRightParfillskip=\skip92
\JustifyingParfillskip=\skip93
\CenteringParindent=\skip94
\RaggedLeftParindent=\skip95
\RaggedRightParindent=\skip96
\JustifyingParindent=\skip97
)
("C:/Program Files/MiKTeX/tex/latex/gensymb/gensymb.sty"
Package: gensymb 2022/10/17 v1.0.2 (KJH)
)
("C:/Program Files/MiKTeX/tex/latex/amsfonts/amsfonts.sty"
Package: amsfonts 2013/01/14 v3.01 Basic AMSFonts support
\symAMSa=\mathgroup5
\symAMSb=\mathgroup6
LaTeX Font Info:    Redeclaring math symbol \hbar on input line 98.
LaTeX Font Info:    Overwriting math alphabet `\mathfrak' in version `bold'
(Font)                  U/euf/m/n --> U/euf/b/n on input line 106.
)
("C:/Program Files/MiKTeX/tex/latex/ncctools/nccmath.sty"
Package: nccmath 2006/01/20 v1.3 Additional Math Commands (NCC)
\NCC@fracrulewidth=\dimen356
)
("C:/Program Files/MiKTeX/tex/latex/tools/verbatim.sty"
Package: verbatim 2024-01-22 v1.5x LaTeX2e package for verbatim enhancements
\every@verbatim=\toks55
\verbatim@line=\toks56
\verbatim@in@stream=\read3
)
("C:/Program Files/MiKTeX/tex/latex/amscls/amsthm.sty"
Package: amsthm 2020/05/29 v2.20.6
\thm@style=\toks57
\thm@bodyfont=\toks58
\thm@headfont=\toks59
\thm@notefont=\toks60
\thm@headpunct=\toks61
\thm@preskip=\skip98
\thm@postskip=\skip99
\thm@headsep=\skip100
\dth@everypar=\toks62
)
("C:/Program Files/MiKTeX/tex/generic/pgfplots/libs/tikzlibrarypgfplots.polar.c
ode.tex")
("C:/Program Files/MiKTeX/tex/generic/pgfplots/libs/tikzlibrarypgfplots.fillbet
ween.code.tex"
("C:/Program Files/MiKTeX/tex/generic/pgfplots/pgfcontrib/tikzlibraryfillbetwee
n.code.tex"
("C:/Program Files/MiKTeX/tex/generic/pgfplots/pgfcontrib/tikzlibrarydecoration
s.softclip.code.tex"
("C:/Program Files/MiKTeX/tex/generic/pgfplots/pgfcontrib/pgflibraryfillbetween
.code.tex")))
("C:/Program Files/MiKTeX/tex/generic/pgfplots/libs/tikzlibrarypgfplots.decorat
ions.softclip.code.tex"))
("C:/Program Files/MiKTeX/tex/generic/pgfplots/libs/tikzlibrarypgfplots.externa
l.code.tex"
("C:/Program Files/MiKTeX/tex/latex/pgf/frontendlayer/libraries/tikzlibraryexte
rnal.code.tex" ("C:/Program Files/MiKTeX/tex/latex/base/atveryend-ltx.sty"
Package: atveryend-ltx 2020/08/19 v1.0a Emulation of the original atveryend pac
kage
with kernel methods
)
("C:/Program Files/MiKTeX/tex/generic/pgf/frontendlayer/tikz/libraries/tikzexte
rnalshared.code.tex")))
\openout3 = main.auxlock

("C:/Program Files/MiKTeX/tex/generic/pgf/frontendlayer/tikz/libraries/tikzlibr
aryshapes.geometric.code.tex"
File: tikzlibraryshapes.geometric.code.tex 2026-08-01 v3.1.12 (3.1.12)

("C:/Program Files/MiKTeX/tex/generic/pgf/libraries/shapes/pgflibraryshapes.geo
metric.code.tex"
File: pgflibraryshapes.geometric.code.tex 2026-08-01 v3.1.12 (3.1.12)
))
\c@defn=\count385
\c@thm=\count386
\c@lemma=\count387
\c@con=\count388
\c@prop=\count389
Package hyperref Info: Option `colorlinks' set `true' on input line 84.
Package translations Info: No language package found. I am going to use `englis
h' as default language. on input line 115.


LaTeX Warning: Unused global option(s):
    [openany].

(./main.aux)
\openout1 = main.aux

LaTeX Font Info:    Checking defaults for OML/cmm/m/it on input line 115.
LaTeX Font Info:    ... okay on input line 115.
LaTeX Font Info:    Checking defaults for OMS/cmsy/m/n on input line 115.
LaTeX Font Info:    ... okay on input line 115.
LaTeX Font Info:    Checking defaults for OT1/cmr/m/n on input line 115.
LaTeX Font Info:    ... okay on input line 115.
LaTeX Font Info:    Checking defaults for T1/cmr/m/n on input line 115.
LaTeX Font Info:    ... okay on input line 115.
LaTeX Font Info:    Checking defaults for TS1/cmr/m/n on input line 115.
LaTeX Font Info:    ... okay on input line 115.
LaTeX Font Info:    Checking defaults for TU/lmr/m/n on input line 115.
LaTeX Font Info:    ... okay on input line 115.
LaTeX Font Info:    Checking defaults for OMX/cmex/m/n on input line 115.
LaTeX Font Info:    ... okay on input line 115.
LaTeX Font Info:    Checking defaults for U/cmr/m/n on input line 115.
LaTeX Font Info:    ... okay on input line 115.
LaTeX Font Info:    Checking defaults for PD1/pdf/m/n on input line 115.
LaTeX Font Info:    ... okay on input line 115.
LaTeX Font Info:    Checking defaults for PU/pdf/m/n on input line 115.
LaTeX Font Info:    ... okay on input line 115.
 ("C:/Program Files/MiKTeX/tex/context/base/mkii/supp-pdf.mkii"
[Loading MPS to PDF converter (version 2006.09.02).]
\scratchcounter=\count390
\scratchdimen=\dimen357
\scratchbox=\box134
\nofMPsegments=\count391
\nofMParguments=\count392
\everyMPshowfont=\toks63
\MPscratchCnt=\count393
\MPscratchDim=\dimen358
\MPnumerator=\count394
\makeMPintoPDFobject=\count395
\everyMPtoPDFconversion=\toks64
) ("C:/Program Files/MiKTeX/tex/latex/epstopdf-pkg/epstopdf-base.sty"
Package: epstopdf-base 2020-01-24 v2.11 Base part for package epstopdf
Package epstopdf-base Info: Redefining graphics rule for `.eps' on input line 4
85.

("C:/Program Files/MiKTeX/tex/latex/00miktex/epstopdf-sys.cfg"
File: epstopdf-sys.cfg 2021/03/18 v2.0 Configuration of epstopdf for MiKTeX
))
Package pgfplots notification 'compat/show suggested version=true': you might b
enefit from \pgfplotsset{compat=1.18} (current compat level: 1.15).

*geometry* driver: auto-detecting
*geometry* detected driver: luatex
*geometry* verbose mode - [ preamble ] result:
* driver: luatex
* paper: a4paper
* layout: <same size as paper>
* layoutoffset:(h,v)=(0.0pt,0.0pt)
* modes: 
* h-part:(L,W,R)=(62.59605pt, 472.31577pt, 62.59605pt)
* v-part:(T,H,B)=(71.13188pt, 702.78308pt, 71.13188pt)
* \paperwidth=597.50787pt
* \paperheight=845.04684pt
* \textwidth=472.31577pt
* \textheight=702.78308pt
* \oddsidemargin=-9.67393pt
* \evensidemargin=-9.67393pt
* \topmargin=-38.1381pt
* \headheight=12.0pt
* \headsep=25.0pt
* \topskip=10.0pt
* \footskip=30.0pt
* \marginparwidth=57.0pt
* \marginparsep=11.0pt
* \columnsep=10.0pt
* \skip\footins=9.0pt plus 4.0pt minus 2.0pt
* \hoffset=0.0pt
* \voffset=0.0pt
* \mag=1000
* \@twocolumnfalse
* \@twosidefalse
* \@mparswitchfalse
* \@reversemarginfalse
* (1in=72.27pt=25.4mm, 1cm=28.453pt)

Package caption Info: Begin \AtBeginDocument code.
Package caption Info: float package is loaded.
Package caption Info: hyperref package is loaded.
Package caption Info: End \AtBeginDocument code.
Package hyperref Info: Link coloring ON on input line 115.
(./main.out) (./main.out)
\@outlinefile=\write4

\openout4 = main.out
\c@maskedRefs=\count396

("C:/Program Files/MiKTeX/tex/latex/apacite/english.apc"
File: english.apc 2013/07/21 v6.03 apacite language file
LaTeX Info: Redefining \BPBI on input line 129.
LaTeX Info: Redefining \BHBI on input line 130.
)

Package siunitx Warning: Detected the "physics" package:
(siunitx)                omitting definition of \qty.
(siunitx)                
(siunitx)                If you want to use \qty with the siunitx definition,
(siunitx)                add 
(siunitx)                
(siunitx)                    \AtBeginDocument{\RenewCommandCopy\qty\SI}
(siunitx)                
(siunitx)                to your preamble.


("C:/Program Files/MiKTeX/tex/latex/translations/dicts/translations-basic-dicti
onary-english.trsl"
File: translations-basic-dictionary-english.trsl (english translation file `tra
nslations-basic-dictionary')
)
Package translations Info: loading dictionary `translations-basic-dictionary' f
or `english'. on input line 115.
LaTeX Info: Redefining \celsius on input line 115.
Package gensymb Info: Faking symbols for \degree and \celsius on input line 115
.


Package gensymb Warning: Not defining \perthousand.

LaTeX Info: Redefining \ohm on input line 115.
Package gensymb Info: Using \Omega for \ohm on input line 115.

Package gensymb Warning: Not defining \micro.

[1

{C:/Users/jekiyudin/AppData/Local/MiKTeX/fonts/map/pdftex/pdftex.map}]
LaTeX Font Info:    Trying to load font information for OT1+lmr on input line 1
82.

("C:/Program Files/MiKTeX/tex/latex/lm/ot1lmr.fd"
File: ot1lmr.fd 2015/05/01 v1.6.1 Font defs for Latin Modern
)
LaTeX Font Info:    Trying to load font information for OML+lmm on input line 1
82.

("C:/Program Files/MiKTeX/tex/latex/lm/omllmm.fd"
File: omllmm.fd 2015/05/01 v1.6.1 Font defs for Latin Modern
)
LaTeX Font Info:    Trying to load font information for OMS+lmsy on input line 
182.

("C:/Program Files/MiKTeX/tex/latex/lm/omslmsy.fd"
File: omslmsy.fd 2015/05/01 v1.6.1 Font defs for Latin Modern
)
LaTeX Font Info:    Trying to load font information for OMX+lmex on input line 
182.

("C:/Program Files/MiKTeX/tex/latex/lm/omxlmex.fd"
File: omxlmex.fd 2015/05/01 v1.6.1 Font defs for Latin Modern
)
LaTeX Font Info:    External font `lmex10' loaded for size
(Font)              <10> on input line 182.
LaTeX Font Info:    External font `lmex10' loaded for size
(Font)              <7> on input line 182.
LaTeX Font Info:    External font `lmex10' loaded for size
(Font)              <5> on input line 182.
LaTeX Font Info:    Trying to load font information for U+msa on input line 182
.

("C:/Program Files/MiKTeX/tex/latex/amsfonts/umsa.fd"
File: umsa.fd 2013/01/14 v3.01 AMS symbols A
)
LaTeX Font Info:    Trying to load font information for U+msb on input line 182
.

("C:/Program Files/MiKTeX/tex/latex/amsfonts/umsb.fd"
File: umsb.fd 2013/01/14 v3.01 AMS symbols B
)
===== Image 'tikz/main-figure0' is up-to-date. ======

warning  (pdf backend): ignoring duplicate destination with the name 'page.1'
[1<./tikz/main-figure0.pdf>] [2] [3]
===== Image 'tikz/main-figure1' is up-to-date. ======
[4<./tikz/main-figure1.pdf>] [5] (./main.aux)
 ***********
LaTeX2e <2026-06-01>
L3 programming layer <2020/03/25>
 ***********
Package rerunfilecheck Info: File `main.out' has not changed.
(rerunfilecheck)             Checksum: D41D8CD98F00B204E9800998ECF8427E;0.
)

Here is how much of LuaTeX's memory you used:
 50289 strings out of 475635
 100000,1977958 words of node,token memory allocated
 707 words of node memory still in use:
   7 hlist, 2 vlist, 2 rule, 2 glue, 4 kern, 1 glyph, 20 attribute, 83 glue_spec
, 20 attribute_list, 2 write nodes
   avail lists: 2:978,3:241,4:172,5:786,6:55,7:4938,8:87,9:1432,10:8,11:256
 71794 multiletter control sequences out of 65536+600000
 46 fonts using 4032943 bytes
 102i,13n,101p,1225b,2852s stack positions out of 10000i,1000n,20000p,200000b,200000s
{C:/Program Files/MiKTeX/fonts/enc/dvips/lm/lm-mathsy.enc}{C:/Program Files/MiKT
eX/fonts/enc/dvips/lm/lm-rm.enc}{C:/Program Files/MiKTeX/fonts/enc/dvips/lm/lm-m
athex.enc}{C:/Program Files/MiKTeX/fonts/enc/dvips/lm/lm-mathit.enc}<C:/Program 
Files/MiKTeX/fonts/opentype/public/fontawesome6/FontAwesome6Brands-Regular-400.o
tf><c:/program files/miktex/fonts/opentype/public/lm/lmroman10-bold.otf><c:/prog
ram files/miktex/fonts/opentype/public/lm/lmroman12-bold.otf><c:/program files/m
iktex/fonts/opentype/public/lm/lmroman10-regular.otf><c:/program files/miktex/fo
nts/opentype/public/lm/lmroman12-regular.otf><c:/program files/miktex/fonts/open
type/public/lm/lmroman17-regular.otf><C:/Program Files/MiKTeX/fonts/type1/public
/lm/lmex10.pfb><C:/Program Files/MiKTeX/fonts/type1/public/lm/lmmi10.pfb><C:/Pro
gram Files/MiKTeX/fonts/type1/public/lm/lmmi7.pfb><C:/Program Files/MiKTeX/fonts
/type1/public/lm/lmr10.pfb><C:/Program Files/MiKTeX/fonts/type1/public/lm/lmr5.p
fb><C:/Program Files/MiKTeX/fonts/type1/public/lm/lmr7.pfb><C:/Program Files/MiK
TeX/fonts/type1/public/lm/lmsy10.pfb><C:/Program Files/MiKTeX/fonts/type1/public
/lm/lmsy5.pfb><C:/Program Files/MiKTeX/fonts/type1/public/lm/lmsy7.pfb><C:/Progr
am Files/MiKTeX/fonts/type1/public/amsfonts/symbols/msbm10.pfb>
Output written on main.pdf (6 pages, 269846 bytes).

PDF statistics: 233 PDF objects out of 1000 (max. 8388607)
 35 named destinations out of 1000 (max. 1048576)
 16 words of extra memory for PDF output out of 10000 (max. 100000000)

